// Jest Snapshot v1, https://goo.gl/fbAQLP

exports[`Button should match the snapshot 1`] = `
<div
  className="button-container"
>
  <button
    className="category-button"
    name="people"
    onClick={[Function]}
  >
    People
  </button>
  <button
    className="category-button"
    name="planets"
    onClick={[Function]}
  >
    Planets
  </button>
  <button
    className="category-button"
    name="vehicles"
    onClick={[Function]}
  >
    Vehicles
  </button>
</div>
`;
